<?xml version="1.0" encoding="utf-8"?><testsuites><testsuite name="pytest" errors="0" failures="2" skipped="0" tests="4" time="15.782" timestamp="2026-01-14T16:29:55.696907" hostname="DESKTOP-TDRN8V2"><testcase classname="tests.model.test_model.TestModel" name="test_model_fit" time="3.751"><failure message="AssertionError: assert 1.0 &lt; 0.6">self = &lt;tests.model.test_model.TestModel testMethod=test_model_fit&gt;

    def test_model_fit(
        self
    ):
        features, target = self.model.preprocess(
            data=self.data,
            target_column="delay"
        )
    
        _, features_validation, _, target_validation = train_test_split(features, target, test_size = 0.33, random_state = 42)
    
        self.model.fit(
            features=features,
            target=target
        )
    
        predicted_target = self.model._model.predict(
            features_validation
        )
    
        report = classification_report(target_validation, predicted_target, output_dict=True)
        print(report)
    
&gt;       assert report["0"]["recall"] &lt; 0.60
E       AssertionError: assert 1.0 &lt; 0.6

tests/model/test_model.py:85: AssertionError</failure></testcase><testcase classname="tests.model.test_model.TestModel" name="test_model_predict" time="3.251"><failure message="AttributeError: 'NoneType' object has no attribute 'predict'">self = &lt;tests.model.test_model.TestModel testMethod=test_model_predict&gt;

    def test_model_predict(
        self
    ):
        features = self.model.preprocess(
            data=self.data
        )
    
&gt;       predicted_targets = self.model.predict(
            features=features
        )

tests/model/test_model.py:98: 
_ _ _ _ _ _ _ _ _ _ _ _ _ _ _ _ _ _ _ _ _ _ _ _ _ _ _ _ _ _ _ _ _ _ _ _ _ _ _ _ _ _ _ _ _ _ _ _ _ _ _ _ _ _ _ _ _ _ _ _ _ _ _ _ _ _ _ _ _ _ _ _ _ _ _ _ _ _ _

self = &lt;challenge.model.DelayModel object at 0x7ffb158b1a60&gt;
features =        OPERA_Latin American Wings  MES_7  MES_10  OPERA_Grupo LATAM  MES_12  TIPOVUELO_I  MES_4  MES_11  OPERA_Sky Air... 0                  0       1            1      0       0                  0               0

[68206 rows x 10 columns]

    def predict(
        self,
        features: pd.DataFrame
    ) -&gt; List[int]:
        """
        Predict delays for new flights.
    
        Args:
            features (pd.DataFrame): preprocessed data.
    
        Returns:
            (List[int]): predicted targets.
        """
        print("self._model----&gt;", self._model)
    
&gt;       prediction_data = self._model.predict(features).tolist()
E       AttributeError: 'NoneType' object has no attribute 'predict'

challenge/model.py:137: AttributeError</failure></testcase><testcase classname="tests.model.test_model.TestModel" name="test_model_preprocess_for_serving" time="4.179" /><testcase classname="tests.model.test_model.TestModel" name="test_model_preprocess_for_training" time="3.400" /></testsuite></testsuites>